0 verbose cli /Users/zijie-machine/.local/share/fnm/node-versions/v23.11.0/installation/bin/node /Users/zijie-machine/.local/state/fnm_multishells/91178_1787027249906/bin/npm
1 info using npm@10.9.2
2 info using node@v23.11.0
3 silly config load:file:/Users/zijie-machine/.local/share/fnm/node-versions/v23.11.0/installation/lib/node_modules/npm/npmrc
4 silly config load:file:/Users/zijie-machine/code_ai/ide_link/.npmrc
5 silly config load:file:/Users/zijie-machine/.npmrc
6 silly config load:file:/Users/zijie-machine/.local/share/fnm/node-versions/v23.11.0/installation/etc/npmrc
7 verbose title npm install
8 verbose argv "install" "--offline"
9 verbose logfile logs-max:10 dir:/Users/zijie-machine/code_ai/ide_link/.npm_cache/_logs/2026-08-20T08_01_47_387Z-
10 verbose logfile /Users/zijie-machine/code_ai/ide_link/.npm_cache/_logs/2026-08-20T08_01_47_387Z-debug-0.log
11 silly logfile start cleaning logs, removing 1 files
12 silly packumentCache heap:4345298944 maxSize:1086324736 maxEntrySize:543162368
13 silly logfile done cleaning log files
14 silly idealTree buildDeps
15 silly reify moves {}
16 verbose reify failed optional dependency /Users/zijie-machine/code_ai/ide_link/node_modules/@esbuild/win32-x64
17 silly reify mark deleted [
17 silly reify   '/Users/zijie-machine/code_ai/ide_link/node_modules/@esbuild/win32-x64'
17 silly reify ]
18 verbose reify failed optional dependency /Users/zijie-machine/code_ai/ide_link/node_modules/@esbuild/win32-ia32
19 silly reify mark deleted [
19 silly reify   '/Users/zijie-machine/code_ai/ide_link/node_modules/@esbuild/win32-ia32'
19 silly reify ]
20 verbose reify failed optional dependency /Users/zijie-machine/code_ai/ide_link/node_modules/@esbuild/win32-arm64
21 silly reify mark deleted [
21 silly reify   '/Users/zijie-machine/code_ai/ide_link/node_modules/@esbuild/win32-arm64'
21 silly reify ]
22 verbose reify failed optional dependency /Users/zijie-machine/code_ai/ide_link/node_modules/@esbuild/sunos-x64
23 silly reify mark deleted [
23 silly reify   '/Users/zijie-machine/code_ai/ide_link/node_modules/@esbuild/sunos-x64'
23 silly reify ]
24 verbose reify failed optional dependency /Users/zijie-machine/code_ai/ide_link/node_modules/@esbuild/openharmony-arm64
25 silly reify mark deleted [
25 silly reify   '/Users/zijie-machine/code_ai/ide_link/node_modules/@esbuild/openharmony-arm64'
25 silly reify ]
26 verbose reify failed optional dependency /Users/zijie-machine/code_ai/ide_link/node_modules/@esbuild/openbsd-x64
27 silly reify mark deleted [
27 silly reify   '/Users/zijie-machine/code_ai/ide_link/node_modules/@esbuild/openbsd-x64'
27 silly reify ]
28 verbose reify failed optional dependency /Users/zijie-machine/code_ai/ide_link/node_modules/@esbuild/openbsd-arm64
29 silly reify mark deleted [
29 silly reify   '/Users/zijie-machine/code_ai/ide_link/node_modules/@esbuild/openbsd-arm64'
29 silly reify ]
30 verbose reify failed optional dependency /Users/zijie-machine/code_ai/ide_link/node_modules/@esbuild/netbsd-x64
31 silly reify mark deleted [
31 silly reify   '/Users/zijie-machine/code_ai/ide_link/node_modules/@esbuild/netbsd-x64'
31 silly reify ]
32 verbose reify failed optional dependency /Users/zijie-machine/code_ai/ide_link/node_modules/@esbuild/netbsd-arm64
33 silly reify mark deleted [
33 silly reify   '/Users/zijie-machine/code_ai/ide_link/node_modules/@esbuild/netbsd-arm64'
33 silly reify ]
34 verbose reify failed optional dependency /Users/zijie-machine/code_ai/ide_link/node_modules/@esbuild/linux-x64
35 silly reify mark deleted [
35 silly reify   '/Users/zijie-machine/code_ai/ide_link/node_modules/@esbuild/linux-x64'
35 silly reify ]
36 verbose reify failed optional dependency /Users/zijie-machine/code_ai/ide_link/node_modules/@esbuild/linux-s390x
37 silly reify mark deleted [
37 silly reify   '/Users/zijie-machine/code_ai/ide_link/node_modules/@esbuild/linux-s390x'
37 silly reify ]
38 verbose reify failed optional dependency /Users/zijie-machine/code_ai/ide_link/node_modules/@esbuild/linux-riscv64
39 silly reify mark deleted [
39 silly reify   '/Users/zijie-machine/code_ai/ide_link/node_modules/@esbuild/linux-riscv64'
39 silly reify ]
40 verbose reify failed optional dependency /Users/zijie-machine/code_ai/ide_link/node_modules/@esbuild/linux-ppc64
41 silly reify mark deleted [
41 silly reify   '/Users/zijie-machine/code_ai/ide_link/node_modules/@esbuild/linux-ppc64'
41 silly reify ]
42 verbose reify failed optional dependency /Users/zijie-machine/code_ai/ide_link/node_modules/@esbuild/linux-mips64el
43 silly reify mark deleted [
43 silly reify   '/Users/zijie-machine/code_ai/ide_link/node_modules/@esbuild/linux-mips64el'
43 silly reify ]
44 verbose reify failed optional dependency /Users/zijie-machine/code_ai/ide_link/node_modules/@esbuild/linux-loong64
45 silly reify mark deleted [
45 silly reify   '/Users/zijie-machine/code_ai/ide_link/node_modules/@esbuild/linux-loong64'
45 silly reify ]
46 verbose reify failed optional dependency /Users/zijie-machine/code_ai/ide_link/node_modules/@esbuild/linux-ia32
47 silly reify mark deleted [
47 silly reify   '/Users/zijie-machine/code_ai/ide_link/node_modules/@esbuild/linux-ia32'
47 silly reify ]
48 verbose reify failed optional dependency /Users/zijie-machine/code_ai/ide_link/node_modules/@esbuild/linux-arm64
49 silly reify mark deleted [
49 silly reify   '/Users/zijie-machine/code_ai/ide_link/node_modules/@esbuild/linux-arm64'
49 silly reify ]
50 verbose reify failed optional dependency /Users/zijie-machine/code_ai/ide_link/node_modules/@esbuild/linux-arm
51 silly reify mark deleted [
51 silly reify   '/Users/zijie-machine/code_ai/ide_link/node_modules/@esbuild/linux-arm'
51 silly reify ]
52 verbose reify failed optional dependency /Users/zijie-machine/code_ai/ide_link/node_modules/@esbuild/freebsd-x64
53 silly reify mark deleted [
53 silly reify   '/Users/zijie-machine/code_ai/ide_link/node_modules/@esbuild/freebsd-x64'
53 silly reify ]
54 verbose reify failed optional dependency /Users/zijie-machine/code_ai/ide_link/node_modules/@esbuild/freebsd-arm64
55 silly reify mark deleted [
55 silly reify   '/Users/zijie-machine/code_ai/ide_link/node_modules/@esbuild/freebsd-arm64'
55 silly reify ]
56 verbose reify failed optional dependency /Users/zijie-machine/code_ai/ide_link/node_modules/@esbuild/darwin-x64
57 silly reify mark deleted [
57 silly reify   '/Users/zijie-machine/code_ai/ide_link/node_modules/@esbuild/darwin-x64'
57 silly reify ]
58 verbose reify failed optional dependency /Users/zijie-machine/code_ai/ide_link/node_modules/@esbuild/android-x64
59 silly reify mark deleted [
59 silly reify   '/Users/zijie-machine/code_ai/ide_link/node_modules/@esbuild/android-x64'
59 silly reify ]
60 verbose reify failed optional dependency /Users/zijie-machine/code_ai/ide_link/node_modules/@esbuild/android-arm64
61 silly reify mark deleted [
61 silly reify   '/Users/zijie-machine/code_ai/ide_link/node_modules/@esbuild/android-arm64'
61 silly reify ]
62 verbose reify failed optional dependency /Users/zijie-machine/code_ai/ide_link/node_modules/@esbuild/android-arm
63 silly reify mark deleted [
63 silly reify   '/Users/zijie-machine/code_ai/ide_link/node_modules/@esbuild/android-arm'
63 silly reify ]
64 verbose reify failed optional dependency /Users/zijie-machine/code_ai/ide_link/node_modules/@esbuild/aix-ppc64
65 silly reify mark deleted [
65 silly reify   '/Users/zijie-machine/code_ai/ide_link/node_modules/@esbuild/aix-ppc64'
65 silly reify ]
66 silly ADD
67 silly ADD
68 silly ADD
69 silly ADD
70 silly ADD
71 silly ADD
72 silly ADD
73 silly ADD
74 silly ADD
75 silly ADD
76 silly ADD
77 silly ADD
78 silly ADD
79 silly ADD
80 silly ADD
81 silly ADD
82 silly ADD
83 silly ADD
84 silly ADD
85 silly ADD
86 silly ADD
87 silly ADD
88 silly ADD
89 silly ADD
90 silly ADD
91 verbose cwd /Users/zijie-machine/code_ai/ide_link
92 verbose os Darwin 27.0.0
93 verbose node v23.11.0
94 verbose npm  v10.9.2
95 verbose exit 0
96 info ok
